[rchintan21.000webhostapp.com/index.html]
[backblue.gif]
[fade.gif]
[index.html]
[rchintan21.000webhostapp.com/feed]
[rchintan21.000webhostapp.com/wp-content/plugins/gutenberg/build/block-library/style2d88.css]
[rchintan21.000webhostapp.com/wp-content/themes/agama/assets/css/font-awesome.min1849.css]
[rchintan21.000webhostapp.com/wp-content/themes/agama/styleedfb.css]
[rchintan21.000webhostapp.com/wp-content/themes/agama/assets/css/camera.minedfb.css]
[rchintan21.000webhostapp.com/wp-content/themes/agama/assets/css/animate.min9d52.css]
[rchintan21.000webhostapp.com/wp-content/themes/agama/assets/js/min/particles.minedfb.js]
[rchintan21.000webhostapp.com/wp-includes/js/jquery/jqueryb8ff.js]
[rchintan21.000webhostapp.com/wp-includes/js/jquery/jquery-migrate.min330a.js]
[rchintan21.000webhostapp.com/wp-content/themes/agama/assets/js/pluginsedfb.js]
[rchintan21.000webhostapp.com/xmlrpc0db0.php]
[rchintan21.000webhostapp.com/wp-includes/wlwmanifest.xml]
[rchintan21.000webhostapp.com/wp-content/uploads/2018/11/cropped-Layer-2-e1542558361824-1-32x32.png]
[rchintan21.000webhostapp.com/wp-content/uploads/2018/11/cropped-Layer-2-e1542558361824-1-192x192.png]
[rchintan21.000webhostapp.com/wp-content/uploads/2018/11/cropped-Layer-2-e1542558361824-1-180x180.png]
[rchintan21.000webhostapp.com/wp-json/index.html]
[rchintan21.000webhostapp.com/wp-content/uploads/2018/11/Layer-2-1.png]
[rchintan21.000webhostapp.com/updates.html]
[rchintan21.000webhostapp.com/2018/11/43.html]
[rchintan21.000webhostapp.com/2018/11/fantastic-beasts-the-crimes-of-grindelwald.html]
[rchintan21.000webhostapp.com/2018/11.html]
[rchintan21.000webhostapp.com/category/movies.html]
[rchintan21.000webhostapp.com/wp-content/themes/agama/assets/js/functionsedfb.js]
[rchintan21.000webhostapp.com/category/series.html]
[rchintan21.000webhostapp.com/wp-includes/js/wp-embed.min5010.js]
[rchintan21.000webhostapp.com/wp-content/themes/agama/framework/admin/kirki/modules/webfont-loader/vendor-typekit/webfontloader8e5e.js]
[raw.githubusercontent.com/000webhost/logo/e9bd13f7/footer-powered-by-000webhost-white2.png]
[rchintan21.000webhostapp.com/index.html]
[rchintan21.000webhostapp.com/xmlrpc.php]
[rchintan21.000webhostapp.com/wp-content/plugins/gutenberg/build/block-library/style2d88.css]
[rchintan21.000webhostapp.com/wp-content/themes/agama/assets/fonts/fontawesome-webfont3e6e.eot]
[rchintan21.000webhostapp.com/comments/feed]
[rchintan21.000webhostapp.com/wp-content/themes/agama/assets/fonts/fontawesome-webfont3e6e.woff]
[rchintan21.000webhostapp.com/wp-content/themes/agama/assets/fonts/fontawesome-webfontd41d.eot]
[rchintan21.000webhostapp.com/wp-content/themes/agama/assets/fonts/fontawesome-webfont3e6e.ttf]
[rchintan21.000webhostapp.com/wp-content/themes/agama/assets/css/font-awesome.min1849.css]
[rchintan21.000webhostapp.com/wp-content/themes/agama/styleedfb.css]
[rchintan21.000webhostapp.com/wp-content/themes/agama/assets/fonts/fontawesome-webfont3e6e.svg]
[rchintan21.000webhostapp.com/wp-content/themes/agama/assets/img/blank.gif]
[rchintan21.000webhostapp.com/wp-content/themes/agama/assets/img/camera-loader.gif]
[rchintan21.000webhostapp.com/wp-content/themes/agama/assets/img/camera_skins.png]
[rchintan21.000webhostapp.com/wp-content/themes/agama/assets/img/patterns/overlay1.png]
[rchintan21.000webhostapp.com/wp-content/themes/agama/assets/img/patterns/overlay2.png]
[rchintan21.000webhostapp.com/wp-content/themes/agama/assets/img/patterns/overlay3.png]
[rchintan21.000webhostapp.com/wp-content/themes/agama/assets/img/patterns/overlay4.png]
[rchintan21.000webhostapp.com/wp-content/themes/agama/assets/img/patterns/overlay5.png]
[rchintan21.000webhostapp.com/wp-content/themes/agama/assets/img/patterns/overlay6.png]
[rchintan21.000webhostapp.com/wp-content/themes/agama/assets/img/patterns/overlay7.png]
[rchintan21.000webhostapp.com/wp-content/themes/agama/assets/img/patterns/overlay8.png]
[rchintan21.000webhostapp.com/wp-content/themes/agama/assets/img/patterns/overlay9.png]
[rchintan21.000webhostapp.com/wp-content/themes/agama/assets/img/patterns/overlay10.png]
[rchintan21.000webhostapp.com/wp-content/themes/agama/assets/css/camera.minedfb.css]
[rchintan21.000webhostapp.com/wp-content/themes/agama/assets/css/animate.min9d52.css]
[rchintan21.000webhostapp.com/wp-content/themes/agama/framework/admin/kirki/assets/css/kirki-styles792f.css]
[rchintan21.000webhostapp.com/wp-json/oembed/1.0/embed026e.json]
[rchintan21.000webhostapp.com/updates.html]
[rchintan21.000webhostapp.com/wp-json/oembed/1.0/embed659b]
[rchintan21.000webhostapp.com/2018/11/43/feed]
[rchintan21.000webhostapp.com/wp-json/oembed/1.0/embed0766.json]
[images.firstpost.com/wp-content/uploads/large_file_plugin/2018/10/1540278165_mirzapursocial23102018.png]
[rchintan21.000webhostapp.com/2018/11/43/feed80da]
[rchintan21.000webhostapp.com/2018/11/43.html]
[rchintan21.000webhostapp.com/2018/11/fantastic-beasts-the-crimes-of-grindelwald/feed]
[rchintan21.000webhostapp.com/wp-json/oembed/1.0/embed5dcb.json]
[rchintan21.000webhostapp.com/wp-json/oembed/1.0/embed2cbd]
[rchintan21.000webhostapp.com/tag/beasts.html]
[rchintan21.000webhostapp.com/tag/crime.html]
[rchintan21.000webhostapp.com/tag/fantastic.html]
[rchintan21.000webhostapp.com/tag/of.html]
[rchintan21.000webhostapp.com/tag/the.html]
[rchintan21.000webhostapp.com/2018/11/fantastic-beasts-the-crimes-of-grindelwald/feed80da]
[rchintan21.000webhostapp.com/2018/11/fantastic-beasts-the-crimes-of-grindelwald.html]
[rchintan21.000webhostapp.com/2018/11.html]
[rchintan21.000webhostapp.com/category/movies/feed]
[rchintan21.000webhostapp.com/category/movies.html]
[rchintan21.000webhostapp.com/category/series/feed]
[rchintan21.000webhostapp.com/category/series.html]
[rchintan21.000webhostapp.com/wp-content/themes/agama/assets/fonts/fontawesome-webfont3e6e.html]
[rchintan21.000webhostapp.com/wp-content/themes/agama/assets/fonts/fontawesome-webfont3e6e.svg]
[rchintan21.000webhostapp.com/wp-content/themes/agama/assets/img/blank.html]
[rchintan21.000webhostapp.com/wp-content/themes/agama/assets/img/patterns/overlay1.html]
[rchintan21.000webhostapp.com/wp-content/themes/agama/assets/img/patterns/overlay2.html]
[rchintan21.000webhostapp.com/wp-content/themes/agama/assets/img/patterns/overlay3.html]
[rchintan21.000webhostapp.com/wp-content/themes/agama/assets/img/patterns/overlay4.html]
[rchintan21.000webhostapp.com/wp-content/themes/agama/assets/img/patterns/overlay5.html]
[rchintan21.000webhostapp.com/wp-content/themes/agama/assets/img/patterns/overlay6.html]
[rchintan21.000webhostapp.com/wp-content/themes/agama/assets/img/patterns/overlay7.html]
[rchintan21.000webhostapp.com/wp-content/themes/agama/assets/img/patterns/overlay8.html]
[rchintan21.000webhostapp.com/wp-content/themes/agama/assets/img/patterns/overlay9.html]
[rchintan21.000webhostapp.com/wp-content/themes/agama/assets/img/patterns/overlay10.html]
[rchintan21.000webhostapp.com/index0b69.html]
[rchintan21.000webhostapp.com/index4170.html]
[rchintan21.000webhostapp.com/index40a0.html]
[rchintan21.000webhostapp.com/wp-json/oembed/1.0/embed96d8]
[rchintan21.000webhostapp.com/tag/beasts/feed]
[rchintan21.000webhostapp.com/tag/beasts.html]
[rchintan21.000webhostapp.com/tag/crime/feed]
[rchintan21.000webhostapp.com/tag/crime.html]
[rchintan21.000webhostapp.com/tag/fantastic/feed]
[rchintan21.000webhostapp.com/tag/fantastic.html]
[rchintan21.000webhostapp.com/tag/of.html]
[rchintan21.000webhostapp.com/tag/grindelwald]
[rchintan21.000webhostapp.com/tag/the/feed]
[rchintan21.000webhostapp.com/tag/the.html]
[rchintan21.000webhostapp.com/wp-includes/js/comment-reply.min5010.js]
[rchintan21.000webhostapp.com/tag/grindelwald/feed]
[rchintan21.000webhostapp.com/tag/grindelwald]
[rchintan21.000webhostapp.com/tag/of/feed]
